{
  "ExtraMembers": [
    "Void .ctor(System.AppDomain)"
  ],
  "MissingMembers": [
    "Int32 ExecuteAssembly(System.String, System.Security.Policy.Evidence)",
    "Int32 ExecuteAssembly(System.String, System.Security.Policy.Evidence, System.String[])",
    "Int32 ExecuteAssembly(System.String, System.Security.Policy.Evidence, System.String[], Byte[], System.Configuration.Assemblies.AssemblyHashAlgorithm)",
    "Int32 ExecuteAssemblyByName(System.Reflection.AssemblyName, System.Security.Policy.Evidence, System.String[])",
    "Int32 ExecuteAssemblyByName(System.String, System.Security.Policy.Evidence)",
    "Int32 ExecuteAssemblyByName(System.String, System.Security.Policy.Evidence, System.String[])",
    "System.ActivationContext ActivationContext",
    "System.ActivationContext get_ActivationContext()",
    "System.AppDomain CreateDomain(System.String)",
    "System.AppDomain CreateDomain(System.String, System.Security.Policy.Evidence)",
    "System.AppDomain CreateDomain(System.String, System.Security.Policy.Evidence, System.AppDomainSetup)",
    "System.AppDomain CreateDomain(System.String, System.Security.Policy.Evidence, System.AppDomainSetup, System.Security.PermissionSet, System.Security.Policy.StrongName[])",
    "System.AppDomain CreateDomain(System.String, System.Security.Policy.Evidence, System.String, System.String, Boolean)",
    "System.AppDomain CreateDomain(System.String, System.Security.Policy.Evidence, System.String, System.String, Boolean, System.AppDomainInitializer, System.String[])",
    "System.AppDomain CurrentDomain",
    "System.AppDomain get_CurrentDomain()",
    "System.AppDomainManager DomainManager",
    "System.AppDomainManager get_DomainManager()",
    "System.ApplicationIdentity ApplicationIdentity",
    "System.ApplicationIdentity get_ApplicationIdentity()",
    "System.Object CreateInstanceAndUnwrap(System.String, System.String, Boolean, System.Reflection.BindingFlags, System.Reflection.Binder, System.Object[], System.Globalization.CultureInfo, System.Object[], System.Security.Policy.Evidence)",
    "System.Object CreateInstanceFromAndUnwrap(System.String, System.String, Boolean, System.Reflection.BindingFlags, System.Reflection.Binder, System.Object[], System.Globalization.CultureInfo, System.Object[], System.Security.Policy.Evidence)",
    "System.Object GetLifetimeService()",
    "System.Object InitializeLifetimeService()",
    "System.Reflection.Assembly Load(Byte[], Byte[], System.Security.Policy.Evidence)",
    "System.Reflection.Assembly Load(System.Reflection.AssemblyName, System.Security.Policy.Evidence)",
    "System.Reflection.Assembly Load(System.String, System.Security.Policy.Evidence)",
    "System.Reflection.Emit.AssemblyBuilder DefineDynamicAssembly(System.Reflection.AssemblyName, System.Reflection.Emit.AssemblyBuilderAccess)",
    "System.Reflection.Emit.AssemblyBuilder DefineDynamicAssembly(System.Reflection.AssemblyName, System.Reflection.Emit.AssemblyBuilderAccess, System.Collections.Generic.IEnumerable`1[System.Reflection.Emit.CustomAttributeBuilder])",
    "System.Reflection.Emit.AssemblyBuilder DefineDynamicAssembly(System.Reflection.AssemblyName, System.Reflection.Emit.AssemblyBuilderAccess, System.Collections.Generic.IEnumerable`1[System.Reflection.Emit.CustomAttributeBuilder], System.Security.SecurityContextSource)",
    "System.Reflection.Emit.AssemblyBuilder DefineDynamicAssembly(System.Reflection.AssemblyName, System.Reflection.Emit.AssemblyBuilderAccess, System.Security.PermissionSet, System.Security.PermissionSet, System.Security.PermissionSet)",
    "System.Reflection.Emit.AssemblyBuilder DefineDynamicAssembly(System.Reflection.AssemblyName, System.Reflection.Emit.AssemblyBuilderAccess, System.Security.Policy.Evidence)",
    "System.Reflection.Emit.AssemblyBuilder DefineDynamicAssembly(System.Reflection.AssemblyName, System.Reflection.Emit.AssemblyBuilderAccess, System.Security.Policy.Evidence, System.Security.PermissionSet, System.Security.PermissionSet, System.Security.PermissionSet)",
    "System.Reflection.Emit.AssemblyBuilder DefineDynamicAssembly(System.Reflection.AssemblyName, System.Reflection.Emit.AssemblyBuilderAccess, System.String)",
    "System.Reflection.Emit.AssemblyBuilder DefineDynamicAssembly(System.Reflection.AssemblyName, System.Reflection.Emit.AssemblyBuilderAccess, System.String, Boolean, System.Collections.Generic.IEnumerable`1[System.Reflection.Emit.CustomAttributeBuilder])",
    "System.Reflection.Emit.AssemblyBuilder DefineDynamicAssembly(System.Reflection.AssemblyName, System.Reflection.Emit.AssemblyBuilderAccess, System.String, System.Security.PermissionSet, System.Security.PermissionSet, System.Security.PermissionSet)",
    "System.Reflection.Emit.AssemblyBuilder DefineDynamicAssembly(System.Reflection.AssemblyName, System.Reflection.Emit.AssemblyBuilderAccess, System.String, System.Security.Policy.Evidence)",
    "System.Reflection.Emit.AssemblyBuilder DefineDynamicAssembly(System.Reflection.AssemblyName, System.Reflection.Emit.AssemblyBuilderAccess, System.String, System.Security.Policy.Evidence, System.Security.PermissionSet, System.Security.PermissionSet, System.Security.PermissionSet)",
    "System.Reflection.Emit.AssemblyBuilder DefineDynamicAssembly(System.Reflection.AssemblyName, System.Reflection.Emit.AssemblyBuilderAccess, System.String, System.Security.Policy.Evidence, System.Security.PermissionSet, System.Security.PermissionSet, System.Security.PermissionSet, Boolean)",
    "System.Reflection.Emit.AssemblyBuilder DefineDynamicAssembly(System.Reflection.AssemblyName, System.Reflection.Emit.AssemblyBuilderAccess, System.String, System.Security.Policy.Evidence, System.Security.PermissionSet, System.Security.PermissionSet, System.Security.PermissionSet, Boolean, System.Collections.Generic.IEnumerable`1[System.Reflection.Emit.CustomAttributeBuilder])",
    "System.Runtime.Remoting.ObjRef CreateObjRef(System.Type)",
    "System.Runtime.Remoting.ObjectHandle CreateComInstanceFrom(System.String, System.String)",
    "System.Runtime.Remoting.ObjectHandle CreateComInstanceFrom(System.String, System.String, Byte[], System.Configuration.Assemblies.AssemblyHashAlgorithm)",
    "System.Runtime.Remoting.ObjectHandle CreateInstance(System.String, System.String, Boolean, System.Reflection.BindingFlags, System.Reflection.Binder, System.Object[], System.Globalization.CultureInfo, System.Object[], System.Security.Policy.Evidence)",
    "System.Runtime.Remoting.ObjectHandle CreateInstanceFrom(System.String, System.String, Boolean, System.Reflection.BindingFlags, System.Reflection.Binder, System.Object[], System.Globalization.CultureInfo, System.Object[], System.Security.Policy.Evidence)",
    "System.Security.Policy.ApplicationTrust ApplicationTrust",
    "System.Security.Policy.ApplicationTrust get_ApplicationTrust()",
    "System.Security.Policy.Evidence Evidence",
    "System.Security.Policy.Evidence get_Evidence()",
    "Void DoCallBack(System.CrossAppDomainDelegate)",
    "Void SetAppDomainPolicy(System.Security.Policy.PolicyLevel)",
    "Void SetData(System.String, System.Object, System.Security.IPermission)"
  ]
}
